[2024-03-15 08:00:00] [WARN] [SECURITY] Large file transfer detected: client_database_master.mdb (512 KB) to USB F: | host=JDOE-PC | user=john_doe | pid=1000
[2024-03-15 08:01:00] [CRIT] [DLP] Confidential document Q4_2024_Strategy_CONFIDENTIAL.docx sent via email | host=JDOE-PC | user=john_doe | pid=1001
[2024-03-15 08:02:00] [WARN] [AUTH] Failed login attempt for john_doe from 192.168.1.105 | host=JDOE-PC | user=john_doe | pid=1002
[2024-03-15 08:03:00] [INFO] [FILE] File deleted: Q4_2024_Strategy_CONFIDENTIAL.docx moved to Recycle Bin | host=JDOE-PC | user=john_doe | pid=1003
[2024-03-15 08:04:00] [CRIT] [NET] Upload to mega.nz detected: 102400 bytes | host=JDOE-PC | user=john_doe | pid=1004
[2024-03-15 08:05:00] [WARN] [USB] USB device mounted: SanDisk Ultra 64GB [4C530001200115119007] on F: | host=JDOE-PC | user=john_doe | pid=1005
[2024-03-15 08:06:00] [INFO] [NET] SMTP connection to external: recruiter@competitor.com with attachment 45632 bytes | host=JDOE-PC | user=john_doe | pid=1006
[2024-03-15 08:07:00] [CRIT] [SEC] Browser search for: "how to delete forensic evidence windows 10" | host=JDOE-PC | user=john_doe | pid=1007
[2024-03-15 08:08:00] [WARN] [PROC] Process started: CCleaner.exe by john_doe | host=JDOE-PC | user=john_doe | pid=1008
[2024-03-15 08:09:00] [INFO] [AUTH] User john_doe logged in from workstation JDOE-PC at 08:50:22 | host=JDOE-PC | user=john_doe | pid=1009
[2024-03-15 08:10:00] [WARN] [SECURITY] Large file transfer detected: client_database_master.mdb (512 KB) to USB F: | host=JDOE-PC | user=john_doe | pid=1010
[2024-03-15 08:11:00] [CRIT] [DLP] Confidential document Q4_2024_Strategy_CONFIDENTIAL.docx sent via email | host=JDOE-PC | user=john_doe | pid=1011
[2024-03-15 08:12:00] [WARN] [AUTH] Failed login attempt for john_doe from 192.168.1.105 | host=JDOE-PC | user=john_doe | pid=1012
[2024-03-15 08:13:00] [INFO] [FILE] File deleted: Q4_2024_Strategy_CONFIDENTIAL.docx moved to Recycle Bin | host=JDOE-PC | user=john_doe | pid=1013
[2024-03-15 08:14:00] [CRIT] [NET] Upload to mega.nz detected: 102400 bytes | host=JDOE-PC | user=john_doe | pid=1014
[2024-03-15 08:15:00] [WARN] [USB] USB device mounted: SanDisk Ultra 64GB [4C530001200115119007] on F: | host=JDOE-PC | user=john_doe | pid=1015
[2024-03-15 08:16:00] [INFO] [NET] SMTP connection to external: recruiter@competitor.com with attachment 45632 bytes | host=JDOE-PC | user=john_doe | pid=1016
[2024-03-15 08:17:00] [CRIT] [SEC] Browser search for: "how to delete forensic evidence windows 10" | host=JDOE-PC | user=john_doe | pid=1017
[2024-03-15 08:18:00] [WARN] [PROC] Process started: CCleaner.exe by john_doe | host=JDOE-PC | user=john_doe | pid=1018
[2024-03-15 08:19:00] [INFO] [AUTH] User john_doe logged in from workstation JDOE-PC at 08:50:22 | host=JDOE-PC | user=john_doe | pid=1019
[2024-03-15 08:20:00] [WARN] [SECURITY] Large file transfer detected: client_database_master.mdb (512 KB) to USB F: | host=JDOE-PC | user=john_doe | pid=1020
[2024-03-15 08:21:00] [CRIT] [DLP] Confidential document Q4_2024_Strategy_CONFIDENTIAL.docx sent via email | host=JDOE-PC | user=john_doe | pid=1021
[2024-03-15 08:22:00] [WARN] [AUTH] Failed login attempt for john_doe from 192.168.1.105 | host=JDOE-PC | user=john_doe | pid=1022
[2024-03-15 08:23:00] [INFO] [FILE] File deleted: Q4_2024_Strategy_CONFIDENTIAL.docx moved to Recycle Bin | host=JDOE-PC | user=john_doe | pid=1023
[2024-03-15 08:24:00] [CRIT] [NET] Upload to mega.nz detected: 102400 bytes | host=JDOE-PC | user=john_doe | pid=1024
[2024-03-15 08:25:00] [WARN] [USB] USB device mounted: SanDisk Ultra 64GB [4C530001200115119007] on F: | host=JDOE-PC | user=john_doe | pid=1025
[2024-03-15 08:26:00] [INFO] [NET] SMTP connection to external: recruiter@competitor.com with attachment 45632 bytes | host=JDOE-PC | user=john_doe | pid=1026
[2024-03-15 08:27:00] [CRIT] [SEC] Browser search for: "how to delete forensic evidence windows 10" | host=JDOE-PC | user=john_doe | pid=1027
[2024-03-15 08:28:00] [WARN] [PROC] Process started: CCleaner.exe by john_doe | host=JDOE-PC | user=john_doe | pid=1028
[2024-03-15 08:29:00] [INFO] [AUTH] User john_doe logged in from workstation JDOE-PC at 08:50:22 | host=JDOE-PC | user=john_doe | pid=1029
[2024-03-15 09:30:00] [WARN] [SECURITY] Large file transfer detected: client_database_master.mdb (512 KB) to USB F: | host=JDOE-PC | user=john_doe | pid=1030
[2024-03-15 09:31:00] [CRIT] [DLP] Confidential document Q4_2024_Strategy_CONFIDENTIAL.docx sent via email | host=JDOE-PC | user=john_doe | pid=1031
[2024-03-15 09:32:00] [WARN] [AUTH] Failed login attempt for john_doe from 192.168.1.105 | host=JDOE-PC | user=john_doe | pid=1032
[2024-03-15 09:33:00] [INFO] [FILE] File deleted: Q4_2024_Strategy_CONFIDENTIAL.docx moved to Recycle Bin | host=JDOE-PC | user=john_doe | pid=1033
[2024-03-15 09:34:00] [CRIT] [NET] Upload to mega.nz detected: 102400 bytes | host=JDOE-PC | user=john_doe | pid=1034
[2024-03-15 09:35:00] [WARN] [USB] USB device mounted: SanDisk Ultra 64GB [4C530001200115119007] on F: | host=JDOE-PC | user=john_doe | pid=1035
[2024-03-15 09:36:00] [INFO] [NET] SMTP connection to external: recruiter@competitor.com with attachment 45632 bytes | host=JDOE-PC | user=john_doe | pid=1036
[2024-03-15 09:37:00] [CRIT] [SEC] Browser search for: "how to delete forensic evidence windows 10" | host=JDOE-PC | user=john_doe | pid=1037
[2024-03-15 09:38:00] [WARN] [PROC] Process started: CCleaner.exe by john_doe | host=JDOE-PC | user=john_doe | pid=1038
[2024-03-15 09:39:00] [INFO] [AUTH] User john_doe logged in from workstation JDOE-PC at 08:50:22 | host=JDOE-PC | user=john_doe | pid=1039
[2024-03-15 09:40:00] [WARN] [SECURITY] Large file transfer detected: client_database_master.mdb (512 KB) to USB F: | host=JDOE-PC | user=john_doe | pid=1040
[2024-03-15 09:41:00] [CRIT] [DLP] Confidential document Q4_2024_Strategy_CONFIDENTIAL.docx sent via email | host=JDOE-PC | user=john_doe | pid=1041
[2024-03-15 09:42:00] [WARN] [AUTH] Failed login attempt for john_doe from 192.168.1.105 | host=JDOE-PC | user=john_doe | pid=1042
[2024-03-15 09:43:00] [INFO] [FILE] File deleted: Q4_2024_Strategy_CONFIDENTIAL.docx moved to Recycle Bin | host=JDOE-PC | user=john_doe | pid=1043
[2024-03-15 09:44:00] [CRIT] [NET] Upload to mega.nz detected: 102400 bytes | host=JDOE-PC | user=john_doe | pid=1044
[2024-03-15 09:45:00] [WARN] [USB] USB device mounted: SanDisk Ultra 64GB [4C530001200115119007] on F: | host=JDOE-PC | user=john_doe | pid=1045
[2024-03-15 09:46:00] [INFO] [NET] SMTP connection to external: recruiter@competitor.com with attachment 45632 bytes | host=JDOE-PC | user=john_doe | pid=1046
[2024-03-15 09:47:00] [CRIT] [SEC] Browser search for: "how to delete forensic evidence windows 10" | host=JDOE-PC | user=john_doe | pid=1047
[2024-03-15 09:48:00] [WARN] [PROC] Process started: CCleaner.exe by john_doe | host=JDOE-PC | user=john_doe | pid=1048
[2024-03-15 09:49:00] [INFO] [AUTH] User john_doe logged in from workstation JDOE-PC at 08:50:22 | host=JDOE-PC | user=john_doe | pid=1049
[2024-03-15 09:50:00] [WARN] [SECURITY] Large file transfer detected: client_database_master.mdb (512 KB) to USB F: | host=JDOE-PC | user=john_doe | pid=1050
[2024-03-15 09:51:00] [CRIT] [DLP] Confidential document Q4_2024_Strategy_CONFIDENTIAL.docx sent via email | host=JDOE-PC | user=john_doe | pid=1051
[2024-03-15 09:52:00] [WARN] [AUTH] Failed login attempt for john_doe from 192.168.1.105 | host=JDOE-PC | user=john_doe | pid=1052
[2024-03-15 09:53:00] [INFO] [FILE] File deleted: Q4_2024_Strategy_CONFIDENTIAL.docx moved to Recycle Bin | host=JDOE-PC | user=john_doe | pid=1053
[2024-03-15 09:54:00] [CRIT] [NET] Upload to mega.nz detected: 102400 bytes | host=JDOE-PC | user=john_doe | pid=1054
[2024-03-15 09:55:00] [WARN] [USB] USB device mounted: SanDisk Ultra 64GB [4C530001200115119007] on F: | host=JDOE-PC | user=john_doe | pid=1055
[2024-03-15 09:56:00] [INFO] [NET] SMTP connection to external: recruiter@competitor.com with attachment 45632 bytes | host=JDOE-PC | user=john_doe | pid=1056
[2024-03-15 09:57:00] [CRIT] [SEC] Browser search for: "how to delete forensic evidence windows 10" | host=JDOE-PC | user=john_doe | pid=1057
[2024-03-15 09:58:00] [WARN] [PROC] Process started: CCleaner.exe by john_doe | host=JDOE-PC | user=john_doe | pid=1058
[2024-03-15 09:59:00] [INFO] [AUTH] User john_doe logged in from workstation JDOE-PC at 08:50:22 | host=JDOE-PC | user=john_doe | pid=1059
[2024-03-15 10:00:00] [WARN] [SECURITY] Large file transfer detected: client_database_master.mdb (512 KB) to USB F: | host=JDOE-PC | user=john_doe | pid=1060
[2024-03-15 10:01:00] [CRIT] [DLP] Confidential document Q4_2024_Strategy_CONFIDENTIAL.docx sent via email | host=JDOE-PC | user=john_doe | pid=1061
[2024-03-15 10:02:00] [WARN] [AUTH] Failed login attempt for john_doe from 192.168.1.105 | host=JDOE-PC | user=john_doe | pid=1062
[2024-03-15 10:03:00] [INFO] [FILE] File deleted: Q4_2024_Strategy_CONFIDENTIAL.docx moved to Recycle Bin | host=JDOE-PC | user=john_doe | pid=1063
[2024-03-15 10:04:00] [CRIT] [NET] Upload to mega.nz detected: 102400 bytes | host=JDOE-PC | user=john_doe | pid=1064
[2024-03-15 10:05:00] [WARN] [USB] USB device mounted: SanDisk Ultra 64GB [4C530001200115119007] on F: | host=JDOE-PC | user=john_doe | pid=1065
[2024-03-15 10:06:00] [INFO] [NET] SMTP connection to external: recruiter@competitor.com with attachment 45632 bytes | host=JDOE-PC | user=john_doe | pid=1066
[2024-03-15 10:07:00] [CRIT] [SEC] Browser search for: "how to delete forensic evidence windows 10" | host=JDOE-PC | user=john_doe | pid=1067
[2024-03-15 10:08:00] [WARN] [PROC] Process started: CCleaner.exe by john_doe | host=JDOE-PC | user=john_doe | pid=1068
[2024-03-15 10:09:00] [INFO] [AUTH] User john_doe logged in from workstation JDOE-PC at 08:50:22 | host=JDOE-PC | user=john_doe | pid=1069
[2024-03-15 10:10:00] [WARN] [SECURITY] Large file transfer detected: client_database_master.mdb (512 KB) to USB F: | host=JDOE-PC | user=john_doe | pid=1070
[2024-03-15 10:11:00] [CRIT] [DLP] Confidential document Q4_2024_Strategy_CONFIDENTIAL.docx sent via email | host=JDOE-PC | user=john_doe | pid=1071
[2024-03-15 10:12:00] [WARN] [AUTH] Failed login attempt for john_doe from 192.168.1.105 | host=JDOE-PC | user=john_doe | pid=1072
[2024-03-15 10:13:00] [INFO] [FILE] File deleted: Q4_2024_Strategy_CONFIDENTIAL.docx moved to Recycle Bin | host=JDOE-PC | user=john_doe | pid=1073
[2024-03-15 10:14:00] [CRIT] [NET] Upload to mega.nz detected: 102400 bytes | host=JDOE-PC | user=john_doe | pid=1074
[2024-03-15 10:15:00] [WARN] [USB] USB device mounted: SanDisk Ultra 64GB [4C530001200115119007] on F: | host=JDOE-PC | user=john_doe | pid=1075
[2024-03-15 10:16:00] [INFO] [NET] SMTP connection to external: recruiter@competitor.com with attachment 45632 bytes | host=JDOE-PC | user=john_doe | pid=1076
[2024-03-15 10:17:00] [CRIT] [SEC] Browser search for: "how to delete forensic evidence windows 10" | host=JDOE-PC | user=john_doe | pid=1077
[2024-03-15 10:18:00] [WARN] [PROC] Process started: CCleaner.exe by john_doe | host=JDOE-PC | user=john_doe | pid=1078
[2024-03-15 10:19:00] [INFO] [AUTH] User john_doe logged in from workstation JDOE-PC at 08:50:22 | host=JDOE-PC | user=john_doe | pid=1079
[2024-03-15 10:20:00] [WARN] [SECURITY] Large file transfer detected: client_database_master.mdb (512 KB) to USB F: | host=JDOE-PC | user=john_doe | pid=1080
[2024-03-15 10:21:00] [CRIT] [DLP] Confidential document Q4_2024_Strategy_CONFIDENTIAL.docx sent via email | host=JDOE-PC | user=john_doe | pid=1081
[2024-03-15 10:22:00] [WARN] [AUTH] Failed login attempt for john_doe from 192.168.1.105 | host=JDOE-PC | user=john_doe | pid=1082
[2024-03-15 10:23:00] [INFO] [FILE] File deleted: Q4_2024_Strategy_CONFIDENTIAL.docx moved to Recycle Bin | host=JDOE-PC | user=john_doe | pid=1083
[2024-03-15 10:24:00] [CRIT] [NET] Upload to mega.nz detected: 102400 bytes | host=JDOE-PC | user=john_doe | pid=1084
[2024-03-15 10:25:00] [WARN] [USB] USB device mounted: SanDisk Ultra 64GB [4C530001200115119007] on F: | host=JDOE-PC | user=john_doe | pid=1085
[2024-03-15 10:26:00] [INFO] [NET] SMTP connection to external: recruiter@competitor.com with attachment 45632 bytes | host=JDOE-PC | user=john_doe | pid=1086
[2024-03-15 10:27:00] [CRIT] [SEC] Browser search for: "how to delete forensic evidence windows 10" | host=JDOE-PC | user=john_doe | pid=1087
[2024-03-15 10:28:00] [WARN] [PROC] Process started: CCleaner.exe by john_doe | host=JDOE-PC | user=john_doe | pid=1088
[2024-03-15 10:29:00] [INFO] [AUTH] User john_doe logged in from workstation JDOE-PC at 08:50:22 | host=JDOE-PC | user=john_doe | pid=1089
[2024-03-15 11:30:00] [WARN] [SECURITY] Large file transfer detected: client_database_master.mdb (512 KB) to USB F: | host=JDOE-PC | user=john_doe | pid=1090
[2024-03-15 11:31:00] [CRIT] [DLP] Confidential document Q4_2024_Strategy_CONFIDENTIAL.docx sent via email | host=JDOE-PC | user=john_doe | pid=1091
[2024-03-15 11:32:00] [WARN] [AUTH] Failed login attempt for john_doe from 192.168.1.105 | host=JDOE-PC | user=john_doe | pid=1092
[2024-03-15 11:33:00] [INFO] [FILE] File deleted: Q4_2024_Strategy_CONFIDENTIAL.docx moved to Recycle Bin | host=JDOE-PC | user=john_doe | pid=1093
[2024-03-15 11:34:00] [CRIT] [NET] Upload to mega.nz detected: 102400 bytes | host=JDOE-PC | user=john_doe | pid=1094
[2024-03-15 11:35:00] [WARN] [USB] USB device mounted: SanDisk Ultra 64GB [4C530001200115119007] on F: | host=JDOE-PC | user=john_doe | pid=1095
[2024-03-15 11:36:00] [INFO] [NET] SMTP connection to external: recruiter@competitor.com with attachment 45632 bytes | host=JDOE-PC | user=john_doe | pid=1096
[2024-03-15 11:37:00] [CRIT] [SEC] Browser search for: "how to delete forensic evidence windows 10" | host=JDOE-PC | user=john_doe | pid=1097
[2024-03-15 11:38:00] [WARN] [PROC] Process started: CCleaner.exe by john_doe | host=JDOE-PC | user=john_doe | pid=1098
[2024-03-15 11:39:00] [INFO] [AUTH] User john_doe logged in from workstation JDOE-PC at 08:50:22 | host=JDOE-PC | user=john_doe | pid=1099
[2024-03-15 11:40:00] [WARN] [SECURITY] Large file transfer detected: client_database_master.mdb (512 KB) to USB F: | host=JDOE-PC | user=john_doe | pid=1100
[2024-03-15 11:41:00] [CRIT] [DLP] Confidential document Q4_2024_Strategy_CONFIDENTIAL.docx sent via email | host=JDOE-PC | user=john_doe | pid=1101
[2024-03-15 11:42:00] [WARN] [AUTH] Failed login attempt for john_doe from 192.168.1.105 | host=JDOE-PC | user=john_doe | pid=1102
[2024-03-15 11:43:00] [INFO] [FILE] File deleted: Q4_2024_Strategy_CONFIDENTIAL.docx moved to Recycle Bin | host=JDOE-PC | user=john_doe | pid=1103
[2024-03-15 11:44:00] [CRIT] [NET] Upload to mega.nz detected: 102400 bytes | host=JDOE-PC | user=john_doe | pid=1104
[2024-03-15 11:45:00] [WARN] [USB] USB device mounted: SanDisk Ultra 64GB [4C530001200115119007] on F: | host=JDOE-PC | user=john_doe | pid=1105
[2024-03-15 11:46:00] [INFO] [NET] SMTP connection to external: recruiter@competitor.com with attachment 45632 bytes | host=JDOE-PC | user=john_doe | pid=1106
[2024-03-15 11:47:00] [CRIT] [SEC] Browser search for: "how to delete forensic evidence windows 10" | host=JDOE-PC | user=john_doe | pid=1107
[2024-03-15 11:48:00] [WARN] [PROC] Process started: CCleaner.exe by john_doe | host=JDOE-PC | user=john_doe | pid=1108
[2024-03-15 11:49:00] [INFO] [AUTH] User john_doe logged in from workstation JDOE-PC at 08:50:22 | host=JDOE-PC | user=john_doe | pid=1109
[2024-03-15 11:50:00] [WARN] [SECURITY] Large file transfer detected: client_database_master.mdb (512 KB) to USB F: | host=JDOE-PC | user=john_doe | pid=1110
[2024-03-15 11:51:00] [CRIT] [DLP] Confidential document Q4_2024_Strategy_CONFIDENTIAL.docx sent via email | host=JDOE-PC | user=john_doe | pid=1111
[2024-03-15 11:52:00] [WARN] [AUTH] Failed login attempt for john_doe from 192.168.1.105 | host=JDOE-PC | user=john_doe | pid=1112
[2024-03-15 11:53:00] [INFO] [FILE] File deleted: Q4_2024_Strategy_CONFIDENTIAL.docx moved to Recycle Bin | host=JDOE-PC | user=john_doe | pid=1113
[2024-03-15 11:54:00] [CRIT] [NET] Upload to mega.nz detected: 102400 bytes | host=JDOE-PC | user=john_doe | pid=1114
[2024-03-15 11:55:00] [WARN] [USB] USB device mounted: SanDisk Ultra 64GB [4C530001200115119007] on F: | host=JDOE-PC | user=john_doe | pid=1115
[2024-03-15 11:56:00] [INFO] [NET] SMTP connection to external: recruiter@competitor.com with attachment 45632 bytes | host=JDOE-PC | user=john_doe | pid=1116
[2024-03-15 11:57:00] [CRIT] [SEC] Browser search for: "how to delete forensic evidence windows 10" | host=JDOE-PC | user=john_doe | pid=1117
[2024-03-15 11:58:00] [WARN] [PROC] Process started: CCleaner.exe by john_doe | host=JDOE-PC | user=john_doe | pid=1118
[2024-03-15 11:59:00] [INFO] [AUTH] User john_doe logged in from workstation JDOE-PC at 08:50:22 | host=JDOE-PC | user=john_doe | pid=1119
[2024-03-15 12:00:00] [WARN] [SECURITY] Large file transfer detected: client_database_master.mdb (512 KB) to USB F: | host=JDOE-PC | user=john_doe | pid=1120
[2024-03-15 12:01:00] [CRIT] [DLP] Confidential document Q4_2024_Strategy_CONFIDENTIAL.docx sent via email | host=JDOE-PC | user=john_doe | pid=1121
[2024-03-15 12:02:00] [WARN] [AUTH] Failed login attempt for john_doe from 192.168.1.105 | host=JDOE-PC | user=john_doe | pid=1122
[2024-03-15 12:03:00] [INFO] [FILE] File deleted: Q4_2024_Strategy_CONFIDENTIAL.docx moved to Recycle Bin | host=JDOE-PC | user=john_doe | pid=1123
[2024-03-15 12:04:00] [CRIT] [NET] Upload to mega.nz detected: 102400 bytes | host=JDOE-PC | user=john_doe | pid=1124
[2024-03-15 12:05:00] [WARN] [USB] USB device mounted: SanDisk Ultra 64GB [4C530001200115119007] on F: | host=JDOE-PC | user=john_doe | pid=1125
[2024-03-15 12:06:00] [INFO] [NET] SMTP connection to external: recruiter@competitor.com with attachment 45632 bytes | host=JDOE-PC | user=john_doe | pid=1126
[2024-03-15 12:07:00] [CRIT] [SEC] Browser search for: "how to delete forensic evidence windows 10" | host=JDOE-PC | user=john_doe | pid=1127
[2024-03-15 12:08:00] [WARN] [PROC] Process started: CCleaner.exe by john_doe | host=JDOE-PC | user=john_doe | pid=1128
[2024-03-15 12:09:00] [INFO] [AUTH] User john_doe logged in from workstation JDOE-PC at 08:50:22 | host=JDOE-PC | user=john_doe | pid=1129
[2024-03-15 12:10:00] [WARN] [SECURITY] Large file transfer detected: client_database_master.mdb (512 KB) to USB F: | host=JDOE-PC | user=john_doe | pid=1130
[2024-03-15 12:11:00] [CRIT] [DLP] Confidential document Q4_2024_Strategy_CONFIDENTIAL.docx sent via email | host=JDOE-PC | user=john_doe | pid=1131
[2024-03-15 12:12:00] [WARN] [AUTH] Failed login attempt for john_doe from 192.168.1.105 | host=JDOE-PC | user=john_doe | pid=1132
[2024-03-15 12:13:00] [INFO] [FILE] File deleted: Q4_2024_Strategy_CONFIDENTIAL.docx moved to Recycle Bin | host=JDOE-PC | user=john_doe | pid=1133
[2024-03-15 12:14:00] [CRIT] [NET] Upload to mega.nz detected: 102400 bytes | host=JDOE-PC | user=john_doe | pid=1134
[2024-03-15 12:15:00] [WARN] [USB] USB device mounted: SanDisk Ultra 64GB [4C530001200115119007] on F: | host=JDOE-PC | user=john_doe | pid=1135
[2024-03-15 12:16:00] [INFO] [NET] SMTP connection to external: recruiter@competitor.com with attachment 45632 bytes | host=JDOE-PC | user=john_doe | pid=1136
[2024-03-15 12:17:00] [CRIT] [SEC] Browser search for: "how to delete forensic evidence windows 10" | host=JDOE-PC | user=john_doe | pid=1137
[2024-03-15 12:18:00] [WARN] [PROC] Process started: CCleaner.exe by john_doe | host=JDOE-PC | user=john_doe | pid=1138
[2024-03-15 12:19:00] [INFO] [AUTH] User john_doe logged in from workstation JDOE-PC at 08:50:22 | host=JDOE-PC | user=john_doe | pid=1139
[2024-03-15 12:20:00] [WARN] [SECURITY] Large file transfer detected: client_database_master.mdb (512 KB) to USB F: | host=JDOE-PC | user=john_doe | pid=1140
[2024-03-15 12:21:00] [CRIT] [DLP] Confidential document Q4_2024_Strategy_CONFIDENTIAL.docx sent via email | host=JDOE-PC | user=john_doe | pid=1141
[2024-03-15 12:22:00] [WARN] [AUTH] Failed login attempt for john_doe from 192.168.1.105 | host=JDOE-PC | user=john_doe | pid=1142
[2024-03-15 12:23:00] [INFO] [FILE] File deleted: Q4_2024_Strategy_CONFIDENTIAL.docx moved to Recycle Bin | host=JDOE-PC | user=john_doe | pid=1143
[2024-03-15 12:24:00] [CRIT] [NET] Upload to mega.nz detected: 102400 bytes | host=JDOE-PC | user=john_doe | pid=1144
[2024-03-15 12:25:00] [WARN] [USB] USB device mounted: SanDisk Ultra 64GB [4C530001200115119007] on F: | host=JDOE-PC | user=john_doe | pid=1145
[2024-03-15 12:26:00] [INFO] [NET] SMTP connection to external: recruiter@competitor.com with attachment 45632 bytes | host=JDOE-PC | user=john_doe | pid=1146
[2024-03-15 12:27:00] [CRIT] [SEC] Browser search for: "how to delete forensic evidence windows 10" | host=JDOE-PC | user=john_doe | pid=1147
[2024-03-15 12:28:00] [WARN] [PROC] Process started: CCleaner.exe by john_doe | host=JDOE-PC | user=john_doe | pid=1148
[2024-03-15 12:29:00] [INFO] [AUTH] User john_doe logged in from workstation JDOE-PC at 08:50:22 | host=JDOE-PC | user=john_doe | pid=1149
[2024-03-15 13:30:00] [WARN] [SECURITY] Large file transfer detected: client_database_master.mdb (512 KB) to USB F: | host=JDOE-PC | user=john_doe | pid=1150
[2024-03-15 13:31:00] [CRIT] [DLP] Confidential document Q4_2024_Strategy_CONFIDENTIAL.docx sent via email | host=JDOE-PC | user=john_doe | pid=1151
[2024-03-15 13:32:00] [WARN] [AUTH] Failed login attempt for john_doe from 192.168.1.105 | host=JDOE-PC | user=john_doe | pid=1152
[2024-03-15 13:33:00] [INFO] [FILE] File deleted: Q4_2024_Strategy_CONFIDENTIAL.docx moved to Recycle Bin | host=JDOE-PC | user=john_doe | pid=1153
[2024-03-15 13:34:00] [CRIT] [NET] Upload to mega.nz detected: 102400 bytes | host=JDOE-PC | user=john_doe | pid=1154
[2024-03-15 13:35:00] [WARN] [USB] USB device mounted: SanDisk Ultra 64GB [4C530001200115119007] on F: | host=JDOE-PC | user=john_doe | pid=1155
[2024-03-15 13:36:00] [INFO] [NET] SMTP connection to external: recruiter@competitor.com with attachment 45632 bytes | host=JDOE-PC | user=john_doe | pid=1156
[2024-03-15 13:37:00] [CRIT] [SEC] Browser search for: "how to delete forensic evidence windows 10" | host=JDOE-PC | user=john_doe | pid=1157
[2024-03-15 13:38:00] [WARN] [PROC] Process started: CCleaner.exe by john_doe | host=JDOE-PC | user=john_doe | pid=1158
[2024-03-15 13:39:00] [INFO] [AUTH] User john_doe logged in from workstation JDOE-PC at 08:50:22 | host=JDOE-PC | user=john_doe | pid=1159
[2024-03-15 13:40:00] [WARN] [SECURITY] Large file transfer detected: client_database_master.mdb (512 KB) to USB F: | host=JDOE-PC | user=john_doe | pid=1160
[2024-03-15 13:41:00] [CRIT] [DLP] Confidential document Q4_2024_Strategy_CONFIDENTIAL.docx sent via email | host=JDOE-PC | user=john_doe | pid=1161
[2024-03-15 13:42:00] [WARN] [AUTH] Failed login attempt for john_doe from 192.168.1.105 | host=JDOE-PC | user=john_doe | pid=1162
[2024-03-15 13:43:00] [INFO] [FILE] File deleted: Q4_2024_Strategy_CONFIDENTIAL.docx moved to Recycle Bin | host=JDOE-PC | user=john_doe | pid=1163
[2024-03-15 13:44:00] [CRIT] [NET] Upload to mega.nz detected: 102400 bytes | host=JDOE-PC | user=john_doe | pid=1164
[2024-03-15 13:45:00] [WARN] [USB] USB device mounted: SanDisk Ultra 64GB [4C530001200115119007] on F: | host=JDOE-PC | user=john_doe | pid=1165
[2024-03-15 13:46:00] [INFO] [NET] SMTP connection to external: recruiter@competitor.com with attachment 45632 bytes | host=JDOE-PC | user=john_doe | pid=1166
[2024-03-15 13:47:00] [CRIT] [SEC] Browser search for: "how to delete forensic evidence windows 10" | host=JDOE-PC | user=john_doe | pid=1167
[2024-03-15 13:48:00] [WARN] [PROC] Process started: CCleaner.exe by john_doe | host=JDOE-PC | user=john_doe | pid=1168
[2024-03-15 13:49:00] [INFO] [AUTH] User john_doe logged in from workstation JDOE-PC at 08:50:22 | host=JDOE-PC | user=john_doe | pid=1169
[2024-03-15 13:50:00] [WARN] [SECURITY] Large file transfer detected: client_database_master.mdb (512 KB) to USB F: | host=JDOE-PC | user=john_doe | pid=1170
[2024-03-15 13:51:00] [CRIT] [DLP] Confidential document Q4_2024_Strategy_CONFIDENTIAL.docx sent via email | host=JDOE-PC | user=john_doe | pid=1171
[2024-03-15 13:52:00] [WARN] [AUTH] Failed login attempt for john_doe from 192.168.1.105 | host=JDOE-PC | user=john_doe | pid=1172
[2024-03-15 13:53:00] [INFO] [FILE] File deleted: Q4_2024_Strategy_CONFIDENTIAL.docx moved to Recycle Bin | host=JDOE-PC | user=john_doe | pid=1173
[2024-03-15 13:54:00] [CRIT] [NET] Upload to mega.nz detected: 102400 bytes | host=JDOE-PC | user=john_doe | pid=1174
[2024-03-15 13:55:00] [WARN] [USB] USB device mounted: SanDisk Ultra 64GB [4C530001200115119007] on F: | host=JDOE-PC | user=john_doe | pid=1175
[2024-03-15 13:56:00] [INFO] [NET] SMTP connection to external: recruiter@competitor.com with attachment 45632 bytes | host=JDOE-PC | user=john_doe | pid=1176
[2024-03-15 13:57:00] [CRIT] [SEC] Browser search for: "how to delete forensic evidence windows 10" | host=JDOE-PC | user=john_doe | pid=1177
[2024-03-15 13:58:00] [WARN] [PROC] Process started: CCleaner.exe by john_doe | host=JDOE-PC | user=john_doe | pid=1178
[2024-03-15 13:59:00] [INFO] [AUTH] User john_doe logged in from workstation JDOE-PC at 08:50:22 | host=JDOE-PC | user=john_doe | pid=1179
[2024-03-15 14:00:00] [WARN] [SECURITY] Large file transfer detected: client_database_master.mdb (512 KB) to USB F: | host=JDOE-PC | user=john_doe | pid=1180
[2024-03-15 14:01:00] [CRIT] [DLP] Confidential document Q4_2024_Strategy_CONFIDENTIAL.docx sent via email | host=JDOE-PC | user=john_doe | pid=1181
[2024-03-15 14:02:00] [WARN] [AUTH] Failed login attempt for john_doe from 192.168.1.105 | host=JDOE-PC | user=john_doe | pid=1182
[2024-03-15 14:03:00] [INFO] [FILE] File deleted: Q4_2024_Strategy_CONFIDENTIAL.docx moved to Recycle Bin | host=JDOE-PC | user=john_doe | pid=1183
[2024-03-15 14:04:00] [CRIT] [NET] Upload to mega.nz detected: 102400 bytes | host=JDOE-PC | user=john_doe | pid=1184
[2024-03-15 14:05:00] [WARN] [USB] USB device mounted: SanDisk Ultra 64GB [4C530001200115119007] on F: | host=JDOE-PC | user=john_doe | pid=1185
[2024-03-15 14:06:00] [INFO] [NET] SMTP connection to external: recruiter@competitor.com with attachment 45632 bytes | host=JDOE-PC | user=john_doe | pid=1186
[2024-03-15 14:07:00] [CRIT] [SEC] Browser search for: "how to delete forensic evidence windows 10" | host=JDOE-PC | user=john_doe | pid=1187
[2024-03-15 14:08:00] [WARN] [PROC] Process started: CCleaner.exe by john_doe | host=JDOE-PC | user=john_doe | pid=1188
[2024-03-15 14:09:00] [INFO] [AUTH] User john_doe logged in from workstation JDOE-PC at 08:50:22 | host=JDOE-PC | user=john_doe | pid=1189
[2024-03-15 14:10:00] [WARN] [SECURITY] Large file transfer detected: client_database_master.mdb (512 KB) to USB F: | host=JDOE-PC | user=john_doe | pid=1190
[2024-03-15 14:11:00] [CRIT] [DLP] Confidential document Q4_2024_Strategy_CONFIDENTIAL.docx sent via email | host=JDOE-PC | user=john_doe | pid=1191
[2024-03-15 14:12:00] [WARN] [AUTH] Failed login attempt for john_doe from 192.168.1.105 | host=JDOE-PC | user=john_doe | pid=1192
[2024-03-15 14:13:00] [INFO] [FILE] File deleted: Q4_2024_Strategy_CONFIDENTIAL.docx moved to Recycle Bin | host=JDOE-PC | user=john_doe | pid=1193
[2024-03-15 14:14:00] [CRIT] [NET] Upload to mega.nz detected: 102400 bytes | host=JDOE-PC | user=john_doe | pid=1194
[2024-03-15 14:15:00] [WARN] [USB] USB device mounted: SanDisk Ultra 64GB [4C530001200115119007] on F: | host=JDOE-PC | user=john_doe | pid=1195
[2024-03-15 14:16:00] [INFO] [NET] SMTP connection to external: recruiter@competitor.com with attachment 45632 bytes | host=JDOE-PC | user=john_doe | pid=1196
[2024-03-15 14:17:00] [CRIT] [SEC] Browser search for: "how to delete forensic evidence windows 10" | host=JDOE-PC | user=john_doe | pid=1197
[2024-03-15 14:18:00] [WARN] [PROC] Process started: CCleaner.exe by john_doe | host=JDOE-PC | user=john_doe | pid=1198
[2024-03-15 14:19:00] [INFO] [AUTH] User john_doe logged in from workstation JDOE-PC at 08:50:22 | host=JDOE-PC | user=john_doe | pid=1199
[2024-03-15 14:20:00] [WARN] [SECURITY] Large file transfer detected: client_database_master.mdb (512 KB) to USB F: | host=JDOE-PC | user=john_doe | pid=1200
[2024-03-15 14:21:00] [CRIT] [DLP] Confidential document Q4_2024_Strategy_CONFIDENTIAL.docx sent via email | host=JDOE-PC | user=john_doe | pid=1201
[2024-03-15 14:22:00] [WARN] [AUTH] Failed login attempt for john_doe from 192.168.1.105 | host=JDOE-PC | user=john_doe | pid=1202
[2024-03-15 14:23:00] [INFO] [FILE] File deleted: Q4_2024_Strategy_CONFIDENTIAL.docx moved to Recycle Bin | host=JDOE-PC | user=john_doe | pid=1203
[2024-03-15 14:24:00] [CRIT] [NET] Upload to mega.nz detected: 102400 bytes | host=JDOE-PC | user=john_doe | pid=1204
[2024-03-15 14:25:00] [WARN] [USB] USB device mounted: SanDisk Ultra 64GB [4C530001200115119007] on F: | host=JDOE-PC | user=john_doe | pid=1205
[2024-03-15 14:26:00] [INFO] [NET] SMTP connection to external: recruiter@competitor.com with attachment 45632 bytes | host=JDOE-PC | user=john_doe | pid=1206
[2024-03-15 14:27:00] [CRIT] [SEC] Browser search for: "how to delete forensic evidence windows 10" | host=JDOE-PC | user=john_doe | pid=1207
[2024-03-15 14:28:00] [WARN] [PROC] Process started: CCleaner.exe by john_doe | host=JDOE-PC | user=john_doe | pid=1208
[2024-03-15 14:29:00] [INFO] [AUTH] User john_doe logged in from workstation JDOE-PC at 08:50:22 | host=JDOE-PC | user=john_doe | pid=1209
[2024-03-15 15:30:00] [WARN] [SECURITY] Large file transfer detected: client_database_master.mdb (512 KB) to USB F: | host=JDOE-PC | user=john_doe | pid=1210
[2024-03-15 15:31:00] [CRIT] [DLP] Confidential document Q4_2024_Strategy_CONFIDENTIAL.docx sent via email | host=JDOE-PC | user=john_doe | pid=1211
[2024-03-15 15:32:00] [WARN] [AUTH] Failed login attempt for john_doe from 192.168.1.105 | host=JDOE-PC | user=john_doe | pid=1212
[2024-03-15 15:33:00] [INFO] [FILE] File deleted: Q4_2024_Strategy_CONFIDENTIAL.docx moved to Recycle Bin | host=JDOE-PC | user=john_doe | pid=1213
[2024-03-15 15:34:00] [CRIT] [NET] Upload to mega.nz detected: 102400 bytes | host=JDOE-PC | user=john_doe | pid=1214
[2024-03-15 15:35:00] [WARN] [USB] USB device mounted: SanDisk Ultra 64GB [4C530001200115119007] on F: | host=JDOE-PC | user=john_doe | pid=1215
[2024-03-15 15:36:00] [INFO] [NET] SMTP connection to external: recruiter@competitor.com with attachment 45632 bytes | host=JDOE-PC | user=john_doe | pid=1216
[2024-03-15 15:37:00] [CRIT] [SEC] Browser search for: "how to delete forensic evidence windows 10" | host=JDOE-PC | user=john_doe | pid=1217
[2024-03-15 15:38:00] [WARN] [PROC] Process started: CCleaner.exe by john_doe | host=JDOE-PC | user=john_doe | pid=1218
[2024-03-15 15:39:00] [INFO] [AUTH] User john_doe logged in from workstation JDOE-PC at 08:50:22 | host=JDOE-PC | user=john_doe | pid=1219
[2024-03-15 15:40:00] [WARN] [SECURITY] Large file transfer detected: client_database_master.mdb (512 KB) to USB F: | host=JDOE-PC | user=john_doe | pid=1220
[2024-03-15 15:41:00] [CRIT] [DLP] Confidential document Q4_2024_Strategy_CONFIDENTIAL.docx sent via email | host=JDOE-PC | user=john_doe | pid=1221
[2024-03-15 15:42:00] [WARN] [AUTH] Failed login attempt for john_doe from 192.168.1.105 | host=JDOE-PC | user=john_doe | pid=1222
[2024-03-15 15:43:00] [INFO] [FILE] File deleted: Q4_2024_Strategy_CONFIDENTIAL.docx moved to Recycle Bin | host=JDOE-PC | user=john_doe | pid=1223
[2024-03-15 15:44:00] [CRIT] [NET] Upload to mega.nz detected: 102400 bytes | host=JDOE-PC | user=john_doe | pid=1224
[2024-03-15 15:45:00] [WARN] [USB] USB device mounted: SanDisk Ultra 64GB [4C530001200115119007] on F: | host=JDOE-PC | user=john_doe | pid=1225
[2024-03-15 15:46:00] [INFO] [NET] SMTP connection to external: recruiter@competitor.com with attachment 45632 bytes | host=JDOE-PC | user=john_doe | pid=1226
[2024-03-15 15:47:00] [CRIT] [SEC] Browser search for: "how to delete forensic evidence windows 10" | host=JDOE-PC | user=john_doe | pid=1227
[2024-03-15 15:48:00] [WARN] [PROC] Process started: CCleaner.exe by john_doe | host=JDOE-PC | user=john_doe | pid=1228
[2024-03-15 15:49:00] [INFO] [AUTH] User john_doe logged in from workstation JDOE-PC at 08:50:22 | host=JDOE-PC | user=john_doe | pid=1229
[2024-03-15 15:50:00] [WARN] [SECURITY] Large file transfer detected: client_database_master.mdb (512 KB) to USB F: | host=JDOE-PC | user=john_doe | pid=1230
[2024-03-15 15:51:00] [CRIT] [DLP] Confidential document Q4_2024_Strategy_CONFIDENTIAL.docx sent via email | host=JDOE-PC | user=john_doe | pid=1231
[2024-03-15 15:52:00] [WARN] [AUTH] Failed login attempt for john_doe from 192.168.1.105 | host=JDOE-PC | user=john_doe | pid=1232
[2024-03-15 15:53:00] [INFO] [FILE] File deleted: Q4_2024_Strategy_CONFIDENTIAL.docx moved to Recycle Bin | host=JDOE-PC | user=john_doe | pid=1233
[2024-03-15 15:54:00] [CRIT] [NET] Upload to mega.nz detected: 102400 bytes | host=JDOE-PC | user=john_doe | pid=1234
[2024-03-15 15:55:00] [WARN] [USB] USB device mounted: SanDisk Ultra 64GB [4C530001200115119007] on F: | host=JDOE-PC | user=john_doe | pid=1235
[2024-03-15 15:56:00] [INFO] [NET] SMTP connection to external: recruiter@competitor.com with attachment 45632 bytes | host=JDOE-PC | user=john_doe | pid=1236
[2024-03-15 15:57:00] [CRIT] [SEC] Browser search for: "how to delete forensic evidence windows 10" | host=JDOE-PC | user=john_doe | pid=1237
[2024-03-15 15:58:00] [WARN] [PROC] Process started: CCleaner.exe by john_doe | host=JDOE-PC | user=john_doe | pid=1238
[2024-03-15 15:59:00] [INFO] [AUTH] User john_doe logged in from workstation JDOE-PC at 08:50:22 | host=JDOE-PC | user=john_doe | pid=1239
[2024-03-15 16:00:00] [WARN] [SECURITY] Large file transfer detected: client_database_master.mdb (512 KB) to USB F: | host=JDOE-PC | user=john_doe | pid=1240
[2024-03-15 16:01:00] [CRIT] [DLP] Confidential document Q4_2024_Strategy_CONFIDENTIAL.docx sent via email | host=JDOE-PC | user=john_doe | pid=1241
[2024-03-15 16:02:00] [WARN] [AUTH] Failed login attempt for john_doe from 192.168.1.105 | host=JDOE-PC | user=john_doe | pid=1242
[2024-03-15 16:03:00] [INFO] [FILE] File deleted: Q4_2024_Strategy_CONFIDENTIAL.docx moved to Recycle Bin | host=JDOE-PC | user=john_doe | pid=1243
[2024-03-15 16:04:00] [CRIT] [NET] Upload to mega.nz detected: 102400 bytes | host=JDOE-PC | user=john_doe | pid=1244
[2024-03-15 16:05:00] [WARN] [USB] USB device mounted: SanDisk Ultra 64GB [4C530001200115119007] on F: | host=JDOE-PC | user=john_doe | pid=1245
[2024-03-15 16:06:00] [INFO] [NET] SMTP connection to external: recruiter@competitor.com with attachment 45632 bytes | host=JDOE-PC | user=john_doe | pid=1246
[2024-03-15 16:07:00] [CRIT] [SEC] Browser search for: "how to delete forensic evidence windows 10" | host=JDOE-PC | user=john_doe | pid=1247
[2024-03-15 16:08:00] [WARN] [PROC] Process started: CCleaner.exe by john_doe | host=JDOE-PC | user=john_doe | pid=1248
[2024-03-15 16:09:00] [INFO] [AUTH] User john_doe logged in from workstation JDOE-PC at 08:50:22 | host=JDOE-PC | user=john_doe | pid=1249
[2024-03-15 16:10:00] [WARN] [SECURITY] Large file transfer detected: client_database_master.mdb (512 KB) to USB F: | host=JDOE-PC | user=john_doe | pid=1250
[2024-03-15 16:11:00] [CRIT] [DLP] Confidential document Q4_2024_Strategy_CONFIDENTIAL.docx sent via email | host=JDOE-PC | user=john_doe | pid=1251
[2024-03-15 16:12:00] [WARN] [AUTH] Failed login attempt for john_doe from 192.168.1.105 | host=JDOE-PC | user=john_doe | pid=1252
[2024-03-15 16:13:00] [INFO] [FILE] File deleted: Q4_2024_Strategy_CONFIDENTIAL.docx moved to Recycle Bin | host=JDOE-PC | user=john_doe | pid=1253
[2024-03-15 16:14:00] [CRIT] [NET] Upload to mega.nz detected: 102400 bytes | host=JDOE-PC | user=john_doe | pid=1254
[2024-03-15 16:15:00] [WARN] [USB] USB device mounted: SanDisk Ultra 64GB [4C530001200115119007] on F: | host=JDOE-PC | user=john_doe | pid=1255
[2024-03-15 16:16:00] [INFO] [NET] SMTP connection to external: recruiter@competitor.com with attachment 45632 bytes | host=JDOE-PC | user=john_doe | pid=1256
[2024-03-15 16:17:00] [CRIT] [SEC] Browser search for: "how to delete forensic evidence windows 10" | host=JDOE-PC | user=john_doe | pid=1257
[2024-03-15 16:18:00] [WARN] [PROC] Process started: CCleaner.exe by john_doe | host=JDOE-PC | user=john_doe | pid=1258
[2024-03-15 16:19:00] [INFO] [AUTH] User john_doe logged in from workstation JDOE-PC at 08:50:22 | host=JDOE-PC | user=john_doe | pid=1259
[2024-03-15 16:20:00] [WARN] [SECURITY] Large file transfer detected: client_database_master.mdb (512 KB) to USB F: | host=JDOE-PC | user=john_doe | pid=1260
[2024-03-15 16:21:00] [CRIT] [DLP] Confidential document Q4_2024_Strategy_CONFIDENTIAL.docx sent via email | host=JDOE-PC | user=john_doe | pid=1261
[2024-03-15 16:22:00] [WARN] [AUTH] Failed login attempt for john_doe from 192.168.1.105 | host=JDOE-PC | user=john_doe | pid=1262
[2024-03-15 16:23:00] [INFO] [FILE] File deleted: Q4_2024_Strategy_CONFIDENTIAL.docx moved to Recycle Bin | host=JDOE-PC | user=john_doe | pid=1263
[2024-03-15 16:24:00] [CRIT] [NET] Upload to mega.nz detected: 102400 bytes | host=JDOE-PC | user=john_doe | pid=1264
[2024-03-15 16:25:00] [WARN] [USB] USB device mounted: SanDisk Ultra 64GB [4C530001200115119007] on F: | host=JDOE-PC | user=john_doe | pid=1265
[2024-03-15 16:26:00] [INFO] [NET] SMTP connection to external: recruiter@competitor.com with attachment 45632 bytes | host=JDOE-PC | user=john_doe | pid=1266
[2024-03-15 16:27:00] [CRIT] [SEC] Browser search for: "how to delete forensic evidence windows 10" | host=JDOE-PC | user=john_doe | pid=1267
[2024-03-15 16:28:00] [WARN] [PROC] Process started: CCleaner.exe by john_doe | host=JDOE-PC | user=john_doe | pid=1268
[2024-03-15 16:29:00] [INFO] [AUTH] User john_doe logged in from workstation JDOE-PC at 08:50:22 | host=JDOE-PC | user=john_doe | pid=1269
[2024-03-15 17:30:00] [WARN] [SECURITY] Large file transfer detected: client_database_master.mdb (512 KB) to USB F: | host=JDOE-PC | user=john_doe | pid=1270
[2024-03-15 17:31:00] [CRIT] [DLP] Confidential document Q4_2024_Strategy_CONFIDENTIAL.docx sent via email | host=JDOE-PC | user=john_doe | pid=1271
[2024-03-15 17:32:00] [WARN] [AUTH] Failed login attempt for john_doe from 192.168.1.105 | host=JDOE-PC | user=john_doe | pid=1272
[2024-03-15 17:33:00] [INFO] [FILE] File deleted: Q4_2024_Strategy_CONFIDENTIAL.docx moved to Recycle Bin | host=JDOE-PC | user=john_doe | pid=1273
[2024-03-15 17:34:00] [CRIT] [NET] Upload to mega.nz detected: 102400 bytes | host=JDOE-PC | user=john_doe | pid=1274
[2024-03-15 17:35:00] [WARN] [USB] USB device mounted: SanDisk Ultra 64GB [4C530001200115119007] on F: | host=JDOE-PC | user=john_doe | pid=1275
[2024-03-15 17:36:00] [INFO] [NET] SMTP connection to external: recruiter@competitor.com with attachment 45632 bytes | host=JDOE-PC | user=john_doe | pid=1276
[2024-03-15 17:37:00] [CRIT] [SEC] Browser search for: "how to delete forensic evidence windows 10" | host=JDOE-PC | user=john_doe | pid=1277
[2024-03-15 17:38:00] [WARN] [PROC] Process started: CCleaner.exe by john_doe | host=JDOE-PC | user=john_doe | pid=1278
[2024-03-15 17:39:00] [INFO] [AUTH] User john_doe logged in from workstation JDOE-PC at 08:50:22 | host=JDOE-PC | user=john_doe | pid=1279
[2024-03-15 17:40:00] [WARN] [SECURITY] Large file transfer detected: client_database_master.mdb (512 KB) to USB F: | host=JDOE-PC | user=john_doe | pid=1280
[2024-03-15 17:41:00] [CRIT] [DLP] Confidential document Q4_2024_Strategy_CONFIDENTIAL.docx sent via email | host=JDOE-PC | user=john_doe | pid=1281
[2024-03-15 17:42:00] [WARN] [AUTH] Failed login attempt for john_doe from 192.168.1.105 | host=JDOE-PC | user=john_doe | pid=1282
[2024-03-15 17:43:00] [INFO] [FILE] File deleted: Q4_2024_Strategy_CONFIDENTIAL.docx moved to Recycle Bin | host=JDOE-PC | user=john_doe | pid=1283
[2024-03-15 17:44:00] [CRIT] [NET] Upload to mega.nz detected: 102400 bytes | host=JDOE-PC | user=john_doe | pid=1284
[2024-03-15 17:45:00] [WARN] [USB] USB device mounted: SanDisk Ultra 64GB [4C530001200115119007] on F: | host=JDOE-PC | user=john_doe | pid=1285
[2024-03-15 17:46:00] [INFO] [NET] SMTP connection to external: recruiter@competitor.com with attachment 45632 bytes | host=JDOE-PC | user=john_doe | pid=1286
[2024-03-15 17:47:00] [CRIT] [SEC] Browser search for: "how to delete forensic evidence windows 10" | host=JDOE-PC | user=john_doe | pid=1287
[2024-03-15 17:48:00] [WARN] [PROC] Process started: CCleaner.exe by john_doe | host=JDOE-PC | user=john_doe | pid=1288
[2024-03-15 17:49:00] [INFO] [AUTH] User john_doe logged in from workstation JDOE-PC at 08:50:22 | host=JDOE-PC | user=john_doe | pid=1289
[2024-03-15 17:50:00] [WARN] [SECURITY] Large file transfer detected: client_database_master.mdb (512 KB) to USB F: | host=JDOE-PC | user=john_doe | pid=1290
[2024-03-15 17:51:00] [CRIT] [DLP] Confidential document Q4_2024_Strategy_CONFIDENTIAL.docx sent via email | host=JDOE-PC | user=john_doe | pid=1291
[2024-03-15 17:52:00] [WARN] [AUTH] Failed login attempt for john_doe from 192.168.1.105 | host=JDOE-PC | user=john_doe | pid=1292
[2024-03-15 17:53:00] [INFO] [FILE] File deleted: Q4_2024_Strategy_CONFIDENTIAL.docx moved to Recycle Bin | host=JDOE-PC | user=john_doe | pid=1293
[2024-03-15 17:54:00] [CRIT] [NET] Upload to mega.nz detected: 102400 bytes | host=JDOE-PC | user=john_doe | pid=1294
[2024-03-15 17:55:00] [WARN] [USB] USB device mounted: SanDisk Ultra 64GB [4C530001200115119007] on F: | host=JDOE-PC | user=john_doe | pid=1295
[2024-03-15 17:56:00] [INFO] [NET] SMTP connection to external: recruiter@competitor.com with attachment 45632 bytes | host=JDOE-PC | user=john_doe | pid=1296
[2024-03-15 17:57:00] [CRIT] [SEC] Browser search for: "how to delete forensic evidence windows 10" | host=JDOE-PC | user=john_doe | pid=1297
[2024-03-15 17:58:00] [WARN] [PROC] Process started: CCleaner.exe by john_doe | host=JDOE-PC | user=john_doe | pid=1298
[2024-03-15 17:59:00] [INFO] [AUTH] User john_doe logged in from workstation JDOE-PC at 08:50:22 | host=JDOE-PC | user=john_doe | pid=1299
[2024-03-15 18:00:00] [WARN] [SECURITY] Large file transfer detected: client_database_master.mdb (512 KB) to USB F: | host=JDOE-PC | user=john_doe | pid=1300
[2024-03-15 18:01:00] [CRIT] [DLP] Confidential document Q4_2024_Strategy_CONFIDENTIAL.docx sent via email | host=JDOE-PC | user=john_doe | pid=1301
[2024-03-15 18:02:00] [WARN] [AUTH] Failed login attempt for john_doe from 192.168.1.105 | host=JDOE-PC | user=john_doe | pid=1302
[2024-03-15 18:03:00] [INFO] [FILE] File deleted: Q4_2024_Strategy_CONFIDENTIAL.docx moved to Recycle Bin | host=JDOE-PC | user=john_doe | pid=1303
[2024-03-15 18:04:00] [CRIT] [NET] Upload to mega.nz detected: 102400 bytes | host=JDOE-PC | user=john_doe | pid=1304
[2024-03-15 18:05:00] [WARN] [USB] USB device mounted: SanDisk Ultra 64GB [4C530001200115119007] on F: | host=JDOE-PC | user=john_doe | pid=1305
[2024-03-15 18:06:00] [INFO] [NET] SMTP connection to external: recruiter@competitor.com with attachment 45632 bytes | host=JDOE-PC | user=john_doe | pid=1306
[2024-03-15 18:07:00] [CRIT] [SEC] Browser search for: "how to delete forensic evidence windows 10" | host=JDOE-PC | user=john_doe | pid=1307
[2024-03-15 18:08:00] [WARN] [PROC] Process started: CCleaner.exe by john_doe | host=JDOE-PC | user=john_doe | pid=1308
[2024-03-15 18:09:00] [INFO] [AUTH] User john_doe logged in from workstation JDOE-PC at 08:50:22 | host=JDOE-PC | user=john_doe | pid=1309
[2024-03-15 18:10:00] [WARN] [SECURITY] Large file transfer detected: client_database_master.mdb (512 KB) to USB F: | host=JDOE-PC | user=john_doe | pid=1310
[2024-03-15 18:11:00] [CRIT] [DLP] Confidential document Q4_2024_Strategy_CONFIDENTIAL.docx sent via email | host=JDOE-PC | user=john_doe | pid=1311
[2024-03-15 18:12:00] [WARN] [AUTH] Failed login attempt for john_doe from 192.168.1.105 | host=JDOE-PC | user=john_doe | pid=1312
[2024-03-15 18:13:00] [INFO] [FILE] File deleted: Q4_2024_Strategy_CONFIDENTIAL.docx moved to Recycle Bin | host=JDOE-PC | user=john_doe | pid=1313
[2024-03-15 18:14:00] [CRIT] [NET] Upload to mega.nz detected: 102400 bytes | host=JDOE-PC | user=john_doe | pid=1314
[2024-03-15 18:15:00] [WARN] [USB] USB device mounted: SanDisk Ultra 64GB [4C530001200115119007] on F: | host=JDOE-PC | user=john_doe | pid=1315
[2024-03-15 18:16:00] [INFO] [NET] SMTP connection to external: recruiter@competitor.com with attachment 45632 bytes | host=JDOE-PC | user=john_doe | pid=1316
[2024-03-15 18:17:00] [CRIT] [SEC] Browser search for: "how to delete forensic evidence windows 10" | host=JDOE-PC | user=john_doe | pid=1317
[2024-03-15 18:18:00] [WARN] [PROC] Process started: CCleaner.exe by john_doe | host=JDOE-PC | user=john_doe | pid=1318
[2024-03-15 18:19:00] [INFO] [AUTH] User john_doe logged in from workstation JDOE-PC at 08:50:22 | host=JDOE-PC | user=john_doe | pid=1319
[2024-03-15 18:20:00] [WARN] [SECURITY] Large file transfer detected: client_database_master.mdb (512 KB) to USB F: | host=JDOE-PC | user=john_doe | pid=1320
[2024-03-15 18:21:00] [CRIT] [DLP] Confidential document Q4_2024_Strategy_CONFIDENTIAL.docx sent via email | host=JDOE-PC | user=john_doe | pid=1321
[2024-03-15 18:22:00] [WARN] [AUTH] Failed login attempt for john_doe from 192.168.1.105 | host=JDOE-PC | user=john_doe | pid=1322
[2024-03-15 18:23:00] [INFO] [FILE] File deleted: Q4_2024_Strategy_CONFIDENTIAL.docx moved to Recycle Bin | host=JDOE-PC | user=john_doe | pid=1323
[2024-03-15 18:24:00] [CRIT] [NET] Upload to mega.nz detected: 102400 bytes | host=JDOE-PC | user=john_doe | pid=1324
[2024-03-15 18:25:00] [WARN] [USB] USB device mounted: SanDisk Ultra 64GB [4C530001200115119007] on F: | host=JDOE-PC | user=john_doe | pid=1325
[2024-03-15 18:26:00] [INFO] [NET] SMTP connection to external: recruiter@competitor.com with attachment 45632 bytes | host=JDOE-PC | user=john_doe | pid=1326
[2024-03-15 18:27:00] [CRIT] [SEC] Browser search for: "how to delete forensic evidence windows 10" | host=JDOE-PC | user=john_doe | pid=1327
[2024-03-15 18:28:00] [WARN] [PROC] Process started: CCleaner.exe by john_doe | host=JDOE-PC | user=john_doe | pid=1328
[2024-03-15 18:29:00] [INFO] [AUTH] User john_doe logged in from workstation JDOE-PC at 08:50:22 | host=JDOE-PC | user=john_doe | pid=1329
[2024-03-15 19:30:00] [WARN] [SECURITY] Large file transfer detected: client_database_master.mdb (512 KB) to USB F: | host=JDOE-PC | user=john_doe | pid=1330
[2024-03-15 19:31:00] [CRIT] [DLP] Confidential document Q4_2024_Strategy_CONFIDENTIAL.docx sent via email | host=JDOE-PC | user=john_doe | pid=1331
[2024-03-15 19:32:00] [WARN] [AUTH] Failed login attempt for john_doe from 192.168.1.105 | host=JDOE-PC | user=john_doe | pid=1332
[2024-03-15 19:33:00] [INFO] [FILE] File deleted: Q4_2024_Strategy_CONFIDENTIAL.docx moved to Recycle Bin | host=JDOE-PC | user=john_doe | pid=1333
[2024-03-15 19:34:00] [CRIT] [NET] Upload to mega.nz detected: 102400 bytes | host=JDOE-PC | user=john_doe | pid=1334
[2024-03-15 19:35:00] [WARN] [USB] USB device mounted: SanDisk Ultra 64GB [4C530001200115119007] on F: | host=JDOE-PC | user=john_doe | pid=1335
[2024-03-15 19:36:00] [INFO] [NET] SMTP connection to external: recruiter@competitor.com with attachment 45632 bytes | host=JDOE-PC | user=john_doe | pid=1336
[2024-03-15 19:37:00] [CRIT] [SEC] Browser search for: "how to delete forensic evidence windows 10" | host=JDOE-PC | user=john_doe | pid=1337
[2024-03-15 19:38:00] [WARN] [PROC] Process started: CCleaner.exe by john_doe | host=JDOE-PC | user=john_doe | pid=1338
[2024-03-15 19:39:00] [INFO] [AUTH] User john_doe logged in from workstation JDOE-PC at 08:50:22 | host=JDOE-PC | user=john_doe | pid=1339
[2024-03-15 19:40:00] [WARN] [SECURITY] Large file transfer detected: client_database_master.mdb (512 KB) to USB F: | host=JDOE-PC | user=john_doe | pid=1340
[2024-03-15 19:41:00] [CRIT] [DLP] Confidential document Q4_2024_Strategy_CONFIDENTIAL.docx sent via email | host=JDOE-PC | user=john_doe | pid=1341
[2024-03-15 19:42:00] [WARN] [AUTH] Failed login attempt for john_doe from 192.168.1.105 | host=JDOE-PC | user=john_doe | pid=1342
[2024-03-15 19:43:00] [INFO] [FILE] File deleted: Q4_2024_Strategy_CONFIDENTIAL.docx moved to Recycle Bin | host=JDOE-PC | user=john_doe | pid=1343
[2024-03-15 19:44:00] [CRIT] [NET] Upload to mega.nz detected: 102400 bytes | host=JDOE-PC | user=john_doe | pid=1344
[2024-03-15 19:45:00] [WARN] [USB] USB device mounted: SanDisk Ultra 64GB [4C530001200115119007] on F: | host=JDOE-PC | user=john_doe | pid=1345
[2024-03-15 19:46:00] [INFO] [NET] SMTP connection to external: recruiter@competitor.com with attachment 45632 bytes | host=JDOE-PC | user=john_doe | pid=1346
[2024-03-15 19:47:00] [CRIT] [SEC] Browser search for: "how to delete forensic evidence windows 10" | host=JDOE-PC | user=john_doe | pid=1347
[2024-03-15 19:48:00] [WARN] [PROC] Process started: CCleaner.exe by john_doe | host=JDOE-PC | user=john_doe | pid=1348
[2024-03-15 19:49:00] [INFO] [AUTH] User john_doe logged in from workstation JDOE-PC at 08:50:22 | host=JDOE-PC | user=john_doe | pid=1349
[2024-03-15 19:50:00] [WARN] [SECURITY] Large file transfer detected: client_database_master.mdb (512 KB) to USB F: | host=JDOE-PC | user=john_doe | pid=1350
[2024-03-15 19:51:00] [CRIT] [DLP] Confidential document Q4_2024_Strategy_CONFIDENTIAL.docx sent via email | host=JDOE-PC | user=john_doe | pid=1351
[2024-03-15 19:52:00] [WARN] [AUTH] Failed login attempt for john_doe from 192.168.1.105 | host=JDOE-PC | user=john_doe | pid=1352
[2024-03-15 19:53:00] [INFO] [FILE] File deleted: Q4_2024_Strategy_CONFIDENTIAL.docx moved to Recycle Bin | host=JDOE-PC | user=john_doe | pid=1353
[2024-03-15 19:54:00] [CRIT] [NET] Upload to mega.nz detected: 102400 bytes | host=JDOE-PC | user=john_doe | pid=1354
[2024-03-15 19:55:00] [WARN] [USB] USB device mounted: SanDisk Ultra 64GB [4C530001200115119007] on F: | host=JDOE-PC | user=john_doe | pid=1355
[2024-03-15 19:56:00] [INFO] [NET] SMTP connection to external: recruiter@competitor.com with attachment 45632 bytes | host=JDOE-PC | user=john_doe | pid=1356
[2024-03-15 19:57:00] [CRIT] [SEC] Browser search for: "how to delete forensic evidence windows 10" | host=JDOE-PC | user=john_doe | pid=1357
[2024-03-15 19:58:00] [WARN] [PROC] Process started: CCleaner.exe by john_doe | host=JDOE-PC | user=john_doe | pid=1358
[2024-03-15 19:59:00] [INFO] [AUTH] User john_doe logged in from workstation JDOE-PC at 08:50:22 | host=JDOE-PC | user=john_doe | pid=1359
[2024-03-15 20:00:00] [WARN] [SECURITY] Large file transfer detected: client_database_master.mdb (512 KB) to USB F: | host=JDOE-PC | user=john_doe | pid=1360
[2024-03-15 20:01:00] [CRIT] [DLP] Confidential document Q4_2024_Strategy_CONFIDENTIAL.docx sent via email | host=JDOE-PC | user=john_doe | pid=1361
[2024-03-15 20:02:00] [WARN] [AUTH] Failed login attempt for john_doe from 192.168.1.105 | host=JDOE-PC | user=john_doe | pid=1362
[2024-03-15 20:03:00] [INFO] [FILE] File deleted: Q4_2024_Strategy_CONFIDENTIAL.docx moved to Recycle Bin | host=JDOE-PC | user=john_doe | pid=1363
[2024-03-15 20:04:00] [CRIT] [NET] Upload to mega.nz detected: 102400 bytes | host=JDOE-PC | user=john_doe | pid=1364
[2024-03-15 20:05:00] [WARN] [USB] USB device mounted: SanDisk Ultra 64GB [4C530001200115119007] on F: | host=JDOE-PC | user=john_doe | pid=1365
[2024-03-15 20:06:00] [INFO] [NET] SMTP connection to external: recruiter@competitor.com with attachment 45632 bytes | host=JDOE-PC | user=john_doe | pid=1366
[2024-03-15 20:07:00] [CRIT] [SEC] Browser search for: "how to delete forensic evidence windows 10" | host=JDOE-PC | user=john_doe | pid=1367
[2024-03-15 20:08:00] [WARN] [PROC] Process started: CCleaner.exe by john_doe | host=JDOE-PC | user=john_doe | pid=1368
[2024-03-15 20:09:00] [INFO] [AUTH] User john_doe logged in from workstation JDOE-PC at 08:50:22 | host=JDOE-PC | user=john_doe | pid=1369
[2024-03-15 20:10:00] [WARN] [SECURITY] Large file transfer detected: client_database_master.mdb (512 KB) to USB F: | host=JDOE-PC | user=john_doe | pid=1370
[2024-03-15 20:11:00] [CRIT] [DLP] Confidential document Q4_2024_Strategy_CONFIDENTIAL.docx sent via email | host=JDOE-PC | user=john_doe | pid=1371
[2024-03-15 20:12:00] [WARN] [AUTH] Failed login attempt for john_doe from 192.168.1.105 | host=JDOE-PC | user=john_doe | pid=1372
[2024-03-15 20:13:00] [INFO] [FILE] File deleted: Q4_2024_Strategy_CONFIDENTIAL.docx moved to Recycle Bin | host=JDOE-PC | user=john_doe | pid=1373
[2024-03-15 20:14:00] [CRIT] [NET] Upload to mega.nz detected: 102400 bytes | host=JDOE-PC | user=john_doe | pid=1374
[2024-03-15 20:15:00] [WARN] [USB] USB device mounted: SanDisk Ultra 64GB [4C530001200115119007] on F: | host=JDOE-PC | user=john_doe | pid=1375
[2024-03-15 20:16:00] [INFO] [NET] SMTP connection to external: recruiter@competitor.com with attachment 45632 bytes | host=JDOE-PC | user=john_doe | pid=1376
[2024-03-15 20:17:00] [CRIT] [SEC] Browser search for: "how to delete forensic evidence windows 10" | host=JDOE-PC | user=john_doe | pid=1377
[2024-03-15 20:18:00] [WARN] [PROC] Process started: CCleaner.exe by john_doe | host=JDOE-PC | user=john_doe | pid=1378
[2024-03-15 20:19:00] [INFO] [AUTH] User john_doe logged in from workstation JDOE-PC at 08:50:22 | host=JDOE-PC | user=john_doe | pid=1379
[2024-03-15 20:20:00] [WARN] [SECURITY] Large file transfer detected: client_database_master.mdb (512 KB) to USB F: | host=JDOE-PC | user=john_doe | pid=1380
[2024-03-15 20:21:00] [CRIT] [DLP] Confidential document Q4_2024_Strategy_CONFIDENTIAL.docx sent via email | host=JDOE-PC | user=john_doe | pid=1381
[2024-03-15 20:22:00] [WARN] [AUTH] Failed login attempt for john_doe from 192.168.1.105 | host=JDOE-PC | user=john_doe | pid=1382
[2024-03-15 20:23:00] [INFO] [FILE] File deleted: Q4_2024_Strategy_CONFIDENTIAL.docx moved to Recycle Bin | host=JDOE-PC | user=john_doe | pid=1383
[2024-03-15 20:24:00] [CRIT] [NET] Upload to mega.nz detected: 102400 bytes | host=JDOE-PC | user=john_doe | pid=1384
[2024-03-15 20:25:00] [WARN] [USB] USB device mounted: SanDisk Ultra 64GB [4C530001200115119007] on F: | host=JDOE-PC | user=john_doe | pid=1385
[2024-03-15 20:26:00] [INFO] [NET] SMTP connection to external: recruiter@competitor.com with attachment 45632 bytes | host=JDOE-PC | user=john_doe | pid=1386
[2024-03-15 20:27:00] [CRIT] [SEC] Browser search for: "how to delete forensic evidence windows 10" | host=JDOE-PC | user=john_doe | pid=1387
[2024-03-15 20:28:00] [WARN] [PROC] Process started: CCleaner.exe by john_doe | host=JDOE-PC | user=john_doe | pid=1388
[2024-03-15 20:29:00] [INFO] [AUTH] User john_doe logged in from workstation JDOE-PC at 08:50:22 | host=JDOE-PC | user=john_doe | pid=1389
[2024-03-15 21:30:00] [WARN] [SECURITY] Large file transfer detected: client_database_master.mdb (512 KB) to USB F: | host=JDOE-PC | user=john_doe | pid=1390
[2024-03-15 21:31:00] [CRIT] [DLP] Confidential document Q4_2024_Strategy_CONFIDENTIAL.docx sent via email | host=JDOE-PC | user=john_doe | pid=1391
[2024-03-15 21:32:00] [WARN] [AUTH] Failed login attempt for john_doe from 192.168.1.105 | host=JDOE-PC | user=john_doe | pid=1392
[2024-03-15 21:33:00] [INFO] [FILE] File deleted: Q4_2024_Strategy_CONFIDENTIAL.docx moved to Recycle Bin | host=JDOE-PC | user=john_doe | pid=1393
[2024-03-15 21:34:00] [CRIT] [NET] Upload to mega.nz detected: 102400 bytes | host=JDOE-PC | user=john_doe | pid=1394
[2024-03-15 21:35:00] [WARN] [USB] USB device mounted: SanDisk Ultra 64GB [4C530001200115119007] on F: | host=JDOE-PC | user=john_doe | pid=1395
[2024-03-15 21:36:00] [INFO] [NET] SMTP connection to external: recruiter@competitor.com with attachment 45632 bytes | host=JDOE-PC | user=john_doe | pid=1396
[2024-03-15 21:37:00] [CRIT] [SEC] Browser search for: "how to delete forensic evidence windows 10" | host=JDOE-PC | user=john_doe | pid=1397
[2024-03-15 21:38:00] [WARN] [PROC] Process started: CCleaner.exe by john_doe | host=JDOE-PC | user=john_doe | pid=1398
[2024-03-15 21:39:00] [INFO] [AUTH] User john_doe logged in from workstation JDOE-PC at 08:50:22 | host=JDOE-PC | user=john_doe | pid=1399
[2024-03-15 21:40:00] [WARN] [SECURITY] Large file transfer detected: client_database_master.mdb (512 KB) to USB F: | host=JDOE-PC | user=john_doe | pid=1400
[2024-03-15 21:41:00] [CRIT] [DLP] Confidential document Q4_2024_Strategy_CONFIDENTIAL.docx sent via email | host=JDOE-PC | user=john_doe | pid=1401
[2024-03-15 21:42:00] [WARN] [AUTH] Failed login attempt for john_doe from 192.168.1.105 | host=JDOE-PC | user=john_doe | pid=1402
[2024-03-15 21:43:00] [INFO] [FILE] File deleted: Q4_2024_Strategy_CONFIDENTIAL.docx moved to Recycle Bin | host=JDOE-PC | user=john_doe | pid=1403
[2024-03-15 21:44:00] [CRIT] [NET] Upload to mega.nz detected: 102400 bytes | host=JDOE-PC | user=john_doe | pid=1404
[2024-03-15 21:45:00] [WARN] [USB] USB device mounted: SanDisk Ultra 64GB [4C530001200115119007] on F: | host=JDOE-PC | user=john_doe | pid=1405
[2024-03-15 21:46:00] [INFO] [NET] SMTP connection to external: recruiter@competitor.com with attachment 45632 bytes | host=JDOE-PC | user=john_doe | pid=1406
[2024-03-15 21:47:00] [CRIT] [SEC] Browser search for: "how to delete forensic evidence windows 10" | host=JDOE-PC | user=john_doe | pid=1407
[2024-03-15 21:48:00] [WARN] [PROC] Process started: CCleaner.exe by john_doe | host=JDOE-PC | user=john_doe | pid=1408
[2024-03-15 21:49:00] [INFO] [AUTH] User john_doe logged in from workstation JDOE-PC at 08:50:22 | host=JDOE-PC | user=john_doe | pid=1409
[2024-03-15 21:50:00] [WARN] [SECURITY] Large file transfer detected: client_database_master.mdb (512 KB) to USB F: | host=JDOE-PC | user=john_doe | pid=1410
[2024-03-15 21:51:00] [CRIT] [DLP] Confidential document Q4_2024_Strategy_CONFIDENTIAL.docx sent via email | host=JDOE-PC | user=john_doe | pid=1411
[2024-03-15 21:52:00] [WARN] [AUTH] Failed login attempt for john_doe from 192.168.1.105 | host=JDOE-PC | user=john_doe | pid=1412
[2024-03-15 21:53:00] [INFO] [FILE] File deleted: Q4_2024_Strategy_CONFIDENTIAL.docx moved to Recycle Bin | host=JDOE-PC | user=john_doe | pid=1413
[2024-03-15 21:54:00] [CRIT] [NET] Upload to mega.nz detected: 102400 bytes | host=JDOE-PC | user=john_doe | pid=1414
[2024-03-15 21:55:00] [WARN] [USB] USB device mounted: SanDisk Ultra 64GB [4C530001200115119007] on F: | host=JDOE-PC | user=john_doe | pid=1415
[2024-03-15 21:56:00] [INFO] [NET] SMTP connection to external: recruiter@competitor.com with attachment 45632 bytes | host=JDOE-PC | user=john_doe | pid=1416
[2024-03-15 21:57:00] [CRIT] [SEC] Browser search for: "how to delete forensic evidence windows 10" | host=JDOE-PC | user=john_doe | pid=1417
[2024-03-15 21:58:00] [WARN] [PROC] Process started: CCleaner.exe by john_doe | host=JDOE-PC | user=john_doe | pid=1418
[2024-03-15 21:59:00] [INFO] [AUTH] User john_doe logged in from workstation JDOE-PC at 08:50:22 | host=JDOE-PC | user=john_doe | pid=1419
[2024-03-15 22:00:00] [WARN] [SECURITY] Large file transfer detected: client_database_master.mdb (512 KB) to USB F: | host=JDOE-PC | user=john_doe | pid=1420
[2024-03-15 22:01:00] [CRIT] [DLP] Confidential document Q4_2024_Strategy_CONFIDENTIAL.docx sent via email | host=JDOE-PC | user=john_doe | pid=1421
[2024-03-15 22:02:00] [WARN] [AUTH] Failed login attempt for john_doe from 192.168.1.105 | host=JDOE-PC | user=john_doe | pid=1422
[2024-03-15 22:03:00] [INFO] [FILE] File deleted: Q4_2024_Strategy_CONFIDENTIAL.docx moved to Recycle Bin | host=JDOE-PC | user=john_doe | pid=1423
[2024-03-15 22:04:00] [CRIT] [NET] Upload to mega.nz detected: 102400 bytes | host=JDOE-PC | user=john_doe | pid=1424
[2024-03-15 22:05:00] [WARN] [USB] USB device mounted: SanDisk Ultra 64GB [4C530001200115119007] on F: | host=JDOE-PC | user=john_doe | pid=1425
[2024-03-15 22:06:00] [INFO] [NET] SMTP connection to external: recruiter@competitor.com with attachment 45632 bytes | host=JDOE-PC | user=john_doe | pid=1426
[2024-03-15 22:07:00] [CRIT] [SEC] Browser search for: "how to delete forensic evidence windows 10" | host=JDOE-PC | user=john_doe | pid=1427
[2024-03-15 22:08:00] [WARN] [PROC] Process started: CCleaner.exe by john_doe | host=JDOE-PC | user=john_doe | pid=1428
[2024-03-15 22:09:00] [INFO] [AUTH] User john_doe logged in from workstation JDOE-PC at 08:50:22 | host=JDOE-PC | user=john_doe | pid=1429
[2024-03-15 22:10:00] [WARN] [SECURITY] Large file transfer detected: client_database_master.mdb (512 KB) to USB F: | host=JDOE-PC | user=john_doe | pid=1430
[2024-03-15 22:11:00] [CRIT] [DLP] Confidential document Q4_2024_Strategy_CONFIDENTIAL.docx sent via email | host=JDOE-PC | user=john_doe | pid=1431
[2024-03-15 22:12:00] [WARN] [AUTH] Failed login attempt for john_doe from 192.168.1.105 | host=JDOE-PC | user=john_doe | pid=1432
[2024-03-15 22:13:00] [INFO] [FILE] File deleted: Q4_2024_Strategy_CONFIDENTIAL.docx moved to Recycle Bin | host=JDOE-PC | user=john_doe | pid=1433
[2024-03-15 22:14:00] [CRIT] [NET] Upload to mega.nz detected: 102400 bytes | host=JDOE-PC | user=john_doe | pid=1434
[2024-03-15 22:15:00] [WARN] [USB] USB device mounted: SanDisk Ultra 64GB [4C530001200115119007] on F: | host=JDOE-PC | user=john_doe | pid=1435
[2024-03-15 22:16:00] [INFO] [NET] SMTP connection to external: recruiter@competitor.com with attachment 45632 bytes | host=JDOE-PC | user=john_doe | pid=1436
[2024-03-15 22:17:00] [CRIT] [SEC] Browser search for: "how to delete forensic evidence windows 10" | host=JDOE-PC | user=john_doe | pid=1437
[2024-03-15 22:18:00] [WARN] [PROC] Process started: CCleaner.exe by john_doe | host=JDOE-PC | user=john_doe | pid=1438
[2024-03-15 22:19:00] [INFO] [AUTH] User john_doe logged in from workstation JDOE-PC at 08:50:22 | host=JDOE-PC | user=john_doe | pid=1439
[2024-03-15 22:20:00] [WARN] [SECURITY] Large file transfer detected: client_database_master.mdb (512 KB) to USB F: | host=JDOE-PC | user=john_doe | pid=1440
[2024-03-15 22:21:00] [CRIT] [DLP] Confidential document Q4_2024_Strategy_CONFIDENTIAL.docx sent via email | host=JDOE-PC | user=john_doe | pid=1441
[2024-03-15 22:22:00] [WARN] [AUTH] Failed login attempt for john_doe from 192.168.1.105 | host=JDOE-PC | user=john_doe | pid=1442
[2024-03-15 22:23:00] [INFO] [FILE] File deleted: Q4_2024_Strategy_CONFIDENTIAL.docx moved to Recycle Bin | host=JDOE-PC | user=john_doe | pid=1443
[2024-03-15 22:24:00] [CRIT] [NET] Upload to mega.nz detected: 102400 bytes | host=JDOE-PC | user=john_doe | pid=1444
[2024-03-15 22:25:00] [WARN] [USB] USB device mounted: SanDisk Ultra 64GB [4C530001200115119007] on F: | host=JDOE-PC | user=john_doe | pid=1445
[2024-03-15 22:26:00] [INFO] [NET] SMTP connection to external: recruiter@competitor.com with attachment 45632 bytes | host=JDOE-PC | user=john_doe | pid=1446
[2024-03-15 22:27:00] [CRIT] [SEC] Browser search for: "how to delete forensic evidence windows 10" | host=JDOE-PC | user=john_doe | pid=1447
[2024-03-15 22:28:00] [WARN] [PROC] Process started: CCleaner.exe by john_doe | host=JDOE-PC | user=john_doe | pid=1448
[2024-03-15 22:29:00] [INFO] [AUTH] User john_doe logged in from workstation JDOE-PC at 08:50:22 | host=JDOE-PC | user=john_doe | pid=1449
[2024-03-15 23:30:00] [WARN] [SECURITY] Large file transfer detected: client_database_master.mdb (512 KB) to USB F: | host=JDOE-PC | user=john_doe | pid=1450
[2024-03-15 23:31:00] [CRIT] [DLP] Confidential document Q4_2024_Strategy_CONFIDENTIAL.docx sent via email | host=JDOE-PC | user=john_doe | pid=1451
[2024-03-15 23:32:00] [WARN] [AUTH] Failed login attempt for john_doe from 192.168.1.105 | host=JDOE-PC | user=john_doe | pid=1452
[2024-03-15 23:33:00] [INFO] [FILE] File deleted: Q4_2024_Strategy_CONFIDENTIAL.docx moved to Recycle Bin | host=JDOE-PC | user=john_doe | pid=1453
[2024-03-15 23:34:00] [CRIT] [NET] Upload to mega.nz detected: 102400 bytes | host=JDOE-PC | user=john_doe | pid=1454
[2024-03-15 23:35:00] [WARN] [USB] USB device mounted: SanDisk Ultra 64GB [4C530001200115119007] on F: | host=JDOE-PC | user=john_doe | pid=1455
[2024-03-15 23:36:00] [INFO] [NET] SMTP connection to external: recruiter@competitor.com with attachment 45632 bytes | host=JDOE-PC | user=john_doe | pid=1456
[2024-03-15 23:37:00] [CRIT] [SEC] Browser search for: "how to delete forensic evidence windows 10" | host=JDOE-PC | user=john_doe | pid=1457
[2024-03-15 23:38:00] [WARN] [PROC] Process started: CCleaner.exe by john_doe | host=JDOE-PC | user=john_doe | pid=1458
[2024-03-15 23:39:00] [INFO] [AUTH] User john_doe logged in from workstation JDOE-PC at 08:50:22 | host=JDOE-PC | user=john_doe | pid=1459
[2024-03-15 23:40:00] [WARN] [SECURITY] Large file transfer detected: client_database_master.mdb (512 KB) to USB F: | host=JDOE-PC | user=john_doe | pid=1460
[2024-03-15 23:41:00] [CRIT] [DLP] Confidential document Q4_2024_Strategy_CONFIDENTIAL.docx sent via email | host=JDOE-PC | user=john_doe | pid=1461
[2024-03-15 23:42:00] [WARN] [AUTH] Failed login attempt for john_doe from 192.168.1.105 | host=JDOE-PC | user=john_doe | pid=1462
[2024-03-15 23:43:00] [INFO] [FILE] File deleted: Q4_2024_Strategy_CONFIDENTIAL.docx moved to Recycle Bin | host=JDOE-PC | user=john_doe | pid=1463
[2024-03-15 23:44:00] [CRIT] [NET] Upload to mega.nz detected: 102400 bytes | host=JDOE-PC | user=john_doe | pid=1464
[2024-03-15 23:45:00] [WARN] [USB] USB device mounted: SanDisk Ultra 64GB [4C530001200115119007] on F: | host=JDOE-PC | user=john_doe | pid=1465
[2024-03-15 23:46:00] [INFO] [NET] SMTP connection to external: recruiter@competitor.com with attachment 45632 bytes | host=JDOE-PC | user=john_doe | pid=1466
[2024-03-15 23:47:00] [CRIT] [SEC] Browser search for: "how to delete forensic evidence windows 10" | host=JDOE-PC | user=john_doe | pid=1467
[2024-03-15 23:48:00] [WARN] [PROC] Process started: CCleaner.exe by john_doe | host=JDOE-PC | user=john_doe | pid=1468
[2024-03-15 23:49:00] [INFO] [AUTH] User john_doe logged in from workstation JDOE-PC at 08:50:22 | host=JDOE-PC | user=john_doe | pid=1469
[2024-03-15 23:50:00] [WARN] [SECURITY] Large file transfer detected: client_database_master.mdb (512 KB) to USB F: | host=JDOE-PC | user=john_doe | pid=1470
[2024-03-15 23:51:00] [CRIT] [DLP] Confidential document Q4_2024_Strategy_CONFIDENTIAL.docx sent via email | host=JDOE-PC | user=john_doe | pid=1471
[2024-03-15 23:52:00] [WARN] [AUTH] Failed login attempt for john_doe from 192.168.1.105 | host=JDOE-PC | user=john_doe | pid=1472
[2024-03-15 23:53:00] [INFO] [FILE] File deleted: Q4_2024_Strategy_CONFIDENTIAL.docx moved to Recycle Bin | host=JDOE-PC | user=john_doe | pid=1473
[2024-03-15 23:54:00] [CRIT] [NET] Upload to mega.nz detected: 102400 bytes | host=JDOE-PC | user=john_doe | pid=1474
[2024-03-15 23:55:00] [WARN] [USB] USB device mounted: SanDisk Ultra 64GB [4C530001200115119007] on F: | host=JDOE-PC | user=john_doe | pid=1475
[2024-03-15 23:56:00] [INFO] [NET] SMTP connection to external: recruiter@competitor.com with attachment 45632 bytes | host=JDOE-PC | user=john_doe | pid=1476
[2024-03-15 23:57:00] [CRIT] [SEC] Browser search for: "how to delete forensic evidence windows 10" | host=JDOE-PC | user=john_doe | pid=1477
[2024-03-15 23:58:00] [WARN] [PROC] Process started: CCleaner.exe by john_doe | host=JDOE-PC | user=john_doe | pid=1478
[2024-03-15 23:59:00] [INFO] [AUTH] User john_doe logged in from workstation JDOE-PC at 08:50:22 | host=JDOE-PC | user=john_doe | pid=1479
[2024-03-16 00:00:00] [WARN] [SECURITY] Large file transfer detected: client_database_master.mdb (512 KB) to USB F: | host=JDOE-PC | user=john_doe | pid=1480
[2024-03-16 00:01:00] [CRIT] [DLP] Confidential document Q4_2024_Strategy_CONFIDENTIAL.docx sent via email | host=JDOE-PC | user=john_doe | pid=1481
[2024-03-16 00:02:00] [WARN] [AUTH] Failed login attempt for john_doe from 192.168.1.105 | host=JDOE-PC | user=john_doe | pid=1482
[2024-03-16 00:03:00] [INFO] [FILE] File deleted: Q4_2024_Strategy_CONFIDENTIAL.docx moved to Recycle Bin | host=JDOE-PC | user=john_doe | pid=1483
[2024-03-16 00:04:00] [CRIT] [NET] Upload to mega.nz detected: 102400 bytes | host=JDOE-PC | user=john_doe | pid=1484
[2024-03-16 00:05:00] [WARN] [USB] USB device mounted: SanDisk Ultra 64GB [4C530001200115119007] on F: | host=JDOE-PC | user=john_doe | pid=1485
[2024-03-16 00:06:00] [INFO] [NET] SMTP connection to external: recruiter@competitor.com with attachment 45632 bytes | host=JDOE-PC | user=john_doe | pid=1486
[2024-03-16 00:07:00] [CRIT] [SEC] Browser search for: "how to delete forensic evidence windows 10" | host=JDOE-PC | user=john_doe | pid=1487
[2024-03-16 00:08:00] [WARN] [PROC] Process started: CCleaner.exe by john_doe | host=JDOE-PC | user=john_doe | pid=1488
[2024-03-16 00:09:00] [INFO] [AUTH] User john_doe logged in from workstation JDOE-PC at 08:50:22 | host=JDOE-PC | user=john_doe | pid=1489
[2024-03-16 00:10:00] [WARN] [SECURITY] Large file transfer detected: client_database_master.mdb (512 KB) to USB F: | host=JDOE-PC | user=john_doe | pid=1490
[2024-03-16 00:11:00] [CRIT] [DLP] Confidential document Q4_2024_Strategy_CONFIDENTIAL.docx sent via email | host=JDOE-PC | user=john_doe | pid=1491
[2024-03-16 00:12:00] [WARN] [AUTH] Failed login attempt for john_doe from 192.168.1.105 | host=JDOE-PC | user=john_doe | pid=1492
[2024-03-16 00:13:00] [INFO] [FILE] File deleted: Q4_2024_Strategy_CONFIDENTIAL.docx moved to Recycle Bin | host=JDOE-PC | user=john_doe | pid=1493
[2024-03-16 00:14:00] [CRIT] [NET] Upload to mega.nz detected: 102400 bytes | host=JDOE-PC | user=john_doe | pid=1494
[2024-03-16 00:15:00] [WARN] [USB] USB device mounted: SanDisk Ultra 64GB [4C530001200115119007] on F: | host=JDOE-PC | user=john_doe | pid=1495
[2024-03-16 00:16:00] [INFO] [NET] SMTP connection to external: recruiter@competitor.com with attachment 45632 bytes | host=JDOE-PC | user=john_doe | pid=1496
[2024-03-16 00:17:00] [CRIT] [SEC] Browser search for: "how to delete forensic evidence windows 10" | host=JDOE-PC | user=john_doe | pid=1497
[2024-03-16 00:18:00] [WARN] [PROC] Process started: CCleaner.exe by john_doe | host=JDOE-PC | user=john_doe | pid=1498
[2024-03-16 00:19:00] [INFO] [AUTH] User john_doe logged in from workstation JDOE-PC at 08:50:22 | host=JDOE-PC | user=john_doe | pid=1499